Microchip MPLAB XC8 Compiler V2.10 ()

Linker command line:

-W-3 --edf=C:\Program Files (x86)\Microchip\xc8\v2.10\pic\dat\en_msgs.txt \
  -cs -h+dist/default/production\sakhan.X.production.sym \
  --cmf=dist/default/production\sakhan.X.production.cmf -z -Q16F877A \
  -oC:\Users\mohamed\AppData\Local\Temp\s8ig.2 --defsym=__MPLAB_BUILD=1 \
  -Mdist/default/production/sakhan.X.production.map -E1 -ver=XC8 \
  --acfsm=1493 -ASTACK=0110h-016Fh -pstack=STACK -ACODE=00h-07FFhx4 \
  -ASTRCODE=00h-01FFFh -ASTRING=00h-0FFhx32 -ACONST=00h-0FFhx32 \
  -AENTRY=00h-0FFhx32 -ACOMMON=070h-07Fh -ABANK0=020h-06Fh \
  -ABANK1=0A0h-0EFh -ABANK2=0110h-016Fh -ABANK3=0190h-01EFh \
  -ARAM=020h-06Fh,0A0h-0EFh,0110h-016Fh,0190h-01EFh \
  -AABS1=020h-07Fh,0A0h-0EFh,0110h-016Fh,0190h-01EFh -ASFR0=00h-01Fh \
  -ASFR1=080h-09Fh -ASFR2=0100h-010Fh -ASFR3=0180h-018Fh \
  -preset_vec=00h,intentry=04h,init,end_init -ppowerup=CODE -pcinit=CODE \
  -pfunctab=ENTRY -ACONFIG=02007h-02007h -pconfig=CONFIG -DCONFIG=2 \
  -AIDLOC=02000h-02003h -pidloc=IDLOC -DIDLOC=2 -AEEDATA=00h-0FFh/02100h \
  -peeprom_data=EEDATA -DEEDATA=2 -DCODE=2 -DSTRCODE=2 -DSTRING=2 -DCONST=2 \
  -DENTRY=2 -k C:\Users\mohamed\AppData\Local\Temp\s8ig.o \
  dist/default/production\sakhan.X.production.o 

Object code version is 3.11

Machine type is 16F877A



                Name                               Link     Load   Length Selector   Space Scale
C:\Users\mohamed\AppData\Local\Temp\s8ig.o
                end_init                             12       12        3        8       0
                reset_vec                             0        0        3        0       0
                config                             2007     2007        1     400E       0
dist/default/production\sakhan.X.production.o
                cinit                                15       15       10        8       0
                intentry                              4        4        E        8       0
                text10                              267      267       15      4CE       0
                text9                               12E      12E       68        8       0
                text8                               196      196       56        8       0
                text7                                C0       C0       6E        8       0
                text6                               218      218       1E        8       0
                text5                               236      236       1C        8       0
                text4                                25       25       9B        8       0
                text3                               29E      29E        E      4CE       0
                text2                               290      290        E      4CE       0
                text1                               27C      27C       14      4CE       0
                maintext                            1EC      1EC       2C        8       0
                cstackBANK0                          20       20       23       20       1
                cstackCOMMON                         70       70        E       70       1
                bssBANK0                             43       43        A       20       1
                strings                             252      252       15      4A4       0

TOTAL           Name                               Link     Load   Length     Space
        CLASS   STACK          

        CLASS   CODE           
                end_init                             12       12        3         0
                cinit                                15       15       10         0
                intentry                              4        4        E         0
                reset_vec                             0        0        3         0
                text10                              267      267       15         0
                text9                               12E      12E       68         0
                text8                               196      196       56         0
                text7                                C0       C0       6E         0
                text6                               218      218       1E         0
                text5                               236      236       1C         0
                text4                                25       25       9B         0
                text3                               29E      29E        E         0
                text2                               290      290        E         0
                text1                               27C      27C       14         0
                maintext                            1EC      1EC       2C         0

        CLASS   STRCODE        

        CLASS   STRING         
                strings                             252      252       15         0

        CLASS   CONST          

        CLASS   ENTRY          

        CLASS   COMMON         
                cstackCOMMON                         70       70        E         1

        CLASS   BANK0          
                cstackBANK0                          20       20       23         1
                bssBANK0                             43       43        A         1

        CLASS   BANK1          

        CLASS   BANK2          

        CLASS   BANK3          

        CLASS   RAM            

        CLASS   ABS1           
                abs_s1                               7E       7E        2         1

        CLASS   SFR0           

        CLASS   SFR1           

        CLASS   SFR2           

        CLASS   SFR3           

        CLASS   CONFIG         
                config                             2007     2007        1         0

        CLASS   IDLOC          

        CLASS   EEDATA         



SEGMENTS        Name                           Load    Length   Top    Selector   Space  Class     Delta

                reset_vec                      000000  000003  000003         0       0  CODE        2
                intentry                       000004  00024E  000252         8       0  CODE        2
                cstackBANK0                    000020  00002D  00004D        20       1  BANK0       1
                cstackCOMMON                   000070  00000E  00007E        70       1  COMMON      1
                strings                        000252  000015  000267       4A4       0  STRING      2
                text10                         000267  000045  0002AC       4CE       0  CODE        2
                config                         002007  000001  002008      400E       0  CONFIG      2


UNUSED ADDRESS RANGES

        Name                Unused          Largest block    Delta
        BANK0            004D-006F             23           1
        BANK1            00A0-00EF             50           1
        BANK2            0110-016F             60           1
        BANK3            0190-01EF             60           1
        CODE             0003-0003              1           2
                         02AC-1FFF            800
        CONST            0003-0003              1           2
                         02AC-1FFF            100
        EEDATA           2100-21FF            100           2
        ENTRY            0003-0003              1           2
                         02AC-1FFF            100
        IDLOC            2000-2003              4           2
        RAM              004D-006F             23           1
                         00A0-00EF             50
                         0110-016F             60
                         0190-01EF             60
        SFR0             0000-001F             20           1
        SFR1             0080-009F             20           1
        SFR2             0100-010F             10           1
        SFR3             0180-018F             10           1
        STACK            0110-016F             60           1
        STRCODE          0003-0003              1           2
                         02AC-1FFF           1D54
        STRING           0003-0003              1           2
                         02AC-1FFF            100

                                  Symbol Table

?___lldiv                             cstackCOMMON 0074
?___llmod                             cstackBANK0  0025
Scheduler_ActivateTask@IntityIndex    cstackBANK0  0037
Scheduler_ActivateTask@SystemTick     cstackBANK0  002E
Scheduler_ActivateTask@SystemTick_Loc cstackBANK0  0033
TWI_init@twi_init_cfg                 cstackBANK0  003F
TWI_write@data                        cstackBANK0  003D
_ADCON0                               (abs)        001F
_ADCON1                               (abs)        009F
_ADRESH                               (abs)        001E
_ADRESL                               (abs)        009E
_INTCON                               (abs)        000B
_ISR                                  text5        0236
_OPTION_REG                           (abs)        0081
_PORTA                                (abs)        0005
_PORTB                                (abs)        0006
_PORTC                                (abs)        0007
_PORTD                                (abs)        0008
_PORTE                                (abs)        0009
_SSPADD                               (abs)        0093
_SSPBUF                               (abs)        0013
_SSPCON                               (abs)        0014
_SSPCON2                              (abs)        0091
_SSPSTAT                              (abs)        0094
_Scheduler_ActivateTask               text7        00C0
_Scheduler_ActivationFlags            bssBANK0     004A
_Scheduler_Intitys                    strings      0258
_Scheduler_Task1                      (abs)        0000
_Scheduler_Task2                      (abs)        0000
_Scheduler_Task3                      (abs)        0000
_TMR0                                 (abs)        0001
_TRISA                                (abs)        0085
_TRISB                                (abs)        0086
_TRISC                                (abs)        0087
_TRISD                                (abs)        0088
_TRISE                                (abs)        0089
_TWI_init                             text4        0025
_TWI_start                            text3        029E
_TWI_stop                             text2        0290
_TWI_write                            text1        027C
_Timer_callback                       text6        0218
__CFG_BOREN$OFF                       (abs)        0000
__CFG_CP$OFF                          (abs)        0000
__CFG_CPD$OFF                         (abs)        0000
__CFG_FOSC$HS                         (abs)        0000
__CFG_LVP$ON                          (abs)        0000
__CFG_PWRTE$OFF                       (abs)        0000
__CFG_WDTE$OFF                        (abs)        0000
__CFG_WRT$OFF                         (abs)        0000
__Habs1                               abs1         0000
__Hbank0                              bank0        0000
__Hbank1                              bank1        0000
__Hbank2                              bank2        0000
__Hbank3                              bank3        0000
__HbssBANK0                           bssBANK0     0000
__Hcinit                              cinit        0025
__Hclrtext                            clrtext      0000
__Hcode                               code         0000
__Hcommon                             common       0000
__Hconfig                             config       2008
__HcstackBANK0                        cstackBANK0  0000
__HcstackCOMMON                       cstackCOMMON 0000
__Heeprom_data                        eeprom_data  0000
__Hend_init                           end_init     0015
__Hfunctab                            functab      0000
__Hidloc                              idloc        0000
__Hinit                               init         0012
__Hintentry                           intentry     0012
__Hmaintext                           maintext     0000
__Hpowerup                            powerup      0000
__Hram                                ram          0000
__Hreset_vec                          reset_vec    0003
__Hsfr0                               sfr0         0000
__Hsfr1                               sfr1         0000
__Hsfr2                               sfr2         0000
__Hsfr3                               sfr3         0000
__Hspace_0                            (abs)        2008
__Hspace_1                            (abs)        007E
__Hspace_2                            (abs)        0000
__Hspace_3                            (abs)        0000
__Hstack                              stack        0000
__Hstrings                            strings      0000
__Htext                               text         0000
__Labs1                               abs1         0000
__Lbank0                              bank0        0000
__Lbank1                              bank1        0000
__Lbank2                              bank2        0000
__Lbank3                              bank3        0000
__LbssBANK0                           bssBANK0     0000
__Lcinit                              cinit        0015
__Lclrtext                            clrtext      0000
__Lcode                               code         0000
__Lcommon                             common       0000
__Lconfig                             config       2007
__LcstackBANK0                        cstackBANK0  0000
__LcstackCOMMON                       cstackCOMMON 0000
__Leeprom_data                        eeprom_data  0000
__Lend_init                           end_init     0012
__Lfunctab                            functab      0000
__Lidloc                              idloc        0000
__Linit                               init         0012
__Lintentry                           intentry     0004
__Lmaintext                           maintext     0000
__Lpowerup                            powerup      0000
__Lram                                ram          0000
__Lreset_vec                          reset_vec    0000
__Lsfr0                               sfr0         0000
__Lsfr1                               sfr1         0000
__Lsfr2                               sfr2         0000
__Lsfr3                               sfr3         0000
__Lspace_0                            (abs)        0000
__Lspace_1                            (abs)        0000
__Lspace_2                            (abs)        0000
__Lspace_3                            (abs)        0000
__Lstack                              stack        0000
__Lstrings                            strings      0000
__Ltext                               text         0000
__S0                                  (abs)        2008
__S1                                  (abs)        007E
__S2                                  (abs)        0000
__S3                                  (abs)        0000
___bmul                               text10       0267
___bmul@multiplicand                  cstackCOMMON 0070
___bmul@multiplier                    cstackCOMMON 0073
___bmul@product                       cstackCOMMON 0072
___int_sp                             stack        0000
___latbits                            (abs)        0002
___lldiv                              text9        012E
___lldiv@counter                      cstackBANK0  0024
___lldiv@dividend                     cstackCOMMON 0078
___lldiv@divisor                      cstackCOMMON 0074
___lldiv@quotient                     cstackBANK0  0020
___llmod                              text8        0196
___llmod@counter                      cstackBANK0  002D
___llmod@dividend                     cstackBANK0  0029
___llmod@divisor                      cstackBANK0  0025
___sp                                 stack        0000
___stackhi                            (abs)        0000
___stacklo                            (abs)        0000
__end_of_ISR                          text5        0252
__end_of_Scheduler_ActivateTask       text7        012E
__end_of_Scheduler_Intitys            strings      0267
__end_of_TWI_init                     text4        00C0
__end_of_TWI_start                    text3        02AC
__end_of_TWI_stop                     text2        029E
__end_of_TWI_write                    text1        0290
__end_of_Timer_callback               text6        0236
__end_of___bmul                       text10       027C
__end_of___lldiv                      text9        0196
__end_of___llmod                      text8        01EC
__end_of__initialization              cinit        0021
__end_of__stringtab                   strings      0258
__end_of_main                         maintext     0218
__initialization                      cinit        0015
__pbssBANK0                           bssBANK0     0043
__pcstackBANK0                        cstackBANK0  0020
__pcstackCOMMON                       cstackCOMMON 0070
__pintentry                           intentry     0004
__pmaintext                           maintext     01EC
__pstrings                            strings      0252
__ptext1                              text1        027C
__ptext10                             text10       0267
__ptext2                              text2        0290
__ptext3                              text3        029E
__ptext4                              text4        0025
__ptext5                              text5        0236
__ptext6                              text6        0218
__ptext7                              text7        00C0
__ptext8                              text8        0196
__ptext9                              text9        012E
__size_of_ISR                         (abs)        0000
__size_of_Scheduler_ActivateTask      (abs)        0000
__size_of_TWI_init                    (abs)        0000
__size_of_TWI_start                   (abs)        0000
__size_of_TWI_stop                    (abs)        0000
__size_of_TWI_write                   (abs)        0000
__size_of_Timer_callback              (abs)        0000
__size_of___bmul                      (abs)        0000
__size_of___lldiv                     (abs)        0000
__size_of___llmod                     (abs)        0000
__size_of_main                        (abs)        0000
__stringbase                          strings      0257
__stringtab                           strings      0252
_main                                 maintext     01EC
_timer_tick                           bssBANK0     0043
btemp                                 (abs)        007E
end_of_initialization                 cinit        0021
interrupt_function                    intentry     0004
intlevel0                             functab      0000
intlevel1                             functab      0000
intlevel2                             functab      0000
intlevel3                             functab      0000
intlevel4                             functab      0000
intlevel5                             functab      0000
main@F931                             bssBANK0     0047
main@twi_init_cfg                     cstackBANK0  0040
reset_vec                             reset_vec    0000
saved_w                               (abs)        007E
start                                 init         0012
start_initialization                  cinit        0015
wtemp0                                (abs)        007E


FUNCTION INFORMATION:

 *************** function _main *****************
 Defined at:
		line 23 in file "main.c"
 Parameters:    Size  Location     Type
		None
 Auto vars:     Size  Location     Type
  twi_init_cfg    3   32[BANK0 ] struct .
 Return value:  Size  Location     Type
                  1    wreg      void 
 Registers used:
		wreg, fsr0l, fsr0h, status,2, status,0, pclath, cstack
 Tracked objects:
		On entry : 
		On exit  : 
		Unchanged: 
 Data sizes:     COMMON   BANK0   BANK1   BANK3   BANK2
      Params:         0       0       0       0       0
      Locals:         0       3       0       0       0
      Temps:          0       0       0       0       0
      Totals:         0       3       0       0       0
Total ram usage:        3 bytes
 Hardware stack levels required when called:    5
 This function calls:
		_TWI_init
		_TWI_start
		_TWI_stop
		_TWI_write
 This function is called by:
		Startup code after reset
 This function uses a non-reentrant model


 *************** function _TWI_write *****************
 Defined at:
		line 101 in file "I2c.c"
 Parameters:    Size  Location     Type
  data            1    wreg     unsigned char 
 Auto vars:     Size  Location     Type
  data            1   29[BANK0 ] unsigned char 
 Return value:  Size  Location     Type
                  1    wreg      void 
 Registers used:
		wreg, status,2
 Tracked objects:
		On entry : 
		On exit  : 
		Unchanged: 
 Data sizes:     COMMON   BANK0   BANK1   BANK3   BANK2
      Params:         0       0       0       0       0
      Locals:         0       1       0       0       0
      Temps:          0       0       0       0       0
      Totals:         0       1       0       0       0
Total ram usage:        1 bytes
 Hardware stack levels used:    1
 Hardware stack levels required when called:    4
 This function calls:
		Nothing
 This function is called by:
		_main
 This function uses a non-reentrant model


 *************** function _TWI_stop *****************
 Defined at:
		line 94 in file "I2c.c"
 Parameters:    Size  Location     Type
		None
 Auto vars:     Size  Location     Type
		None
 Return value:  Size  Location     Type
                  1    wreg      void 
 Registers used:
		wreg, status,2
 Tracked objects:
		On entry : 
		On exit  : 
		Unchanged: 
 Data sizes:     COMMON   BANK0   BANK1   BANK3   BANK2
      Params:         0       0       0       0       0
      Locals:         0       0       0       0       0
      Temps:          0       0       0       0       0
      Totals:         0       0       0       0       0
Total ram usage:        0 bytes
 Hardware stack levels used:    1
 Hardware stack levels required when called:    4
 This function calls:
		Nothing
 This function is called by:
		_main
 This function uses a non-reentrant model


 *************** function _TWI_start *****************
 Defined at:
		line 79 in file "I2c.c"
 Parameters:    Size  Location     Type
		None
 Auto vars:     Size  Location     Type
		None
 Return value:  Size  Location     Type
                  1    wreg      void 
 Registers used:
		wreg, status,2
 Tracked objects:
		On entry : 
		On exit  : 
		Unchanged: 
 Data sizes:     COMMON   BANK0   BANK1   BANK3   BANK2
      Params:         0       0       0       0       0
      Locals:         0       0       0       0       0
      Temps:          0       0       0       0       0
      Totals:         0       0       0       0       0
Total ram usage:        0 bytes
 Hardware stack levels used:    1
 Hardware stack levels required when called:    4
 This function calls:
		Nothing
 This function is called by:
		_main
 This function uses a non-reentrant model


 *************** function _TWI_init *****************
 Defined at:
		line 13 in file "I2c.c"
 Parameters:    Size  Location     Type
  twi_init_cfg    1    wreg     PTR struct .
		 -> main@twi_init_cfg(3), 
 Auto vars:     Size  Location     Type
  twi_init_cfg    1   31[BANK0 ] PTR struct .
		 -> main@twi_init_cfg(3), 
 Return value:  Size  Location     Type
                  1    wreg      void 
 Registers used:
		wreg, fsr0l, fsr0h, status,2, status,0
 Tracked objects:
		On entry : 
		On exit  : 
		Unchanged: 
 Data sizes:     COMMON   BANK0   BANK1   BANK3   BANK2
      Params:         0       0       0       0       0
      Locals:         0       1       0       0       0
      Temps:          0       2       0       0       0
      Totals:         0       3       0       0       0
Total ram usage:        3 bytes
 Hardware stack levels used:    1
 Hardware stack levels required when called:    4
 This function calls:
		Nothing
 This function is called by:
		_main
 This function uses a non-reentrant model


 *************** function _ISR *****************
 Defined at:
		line 10 in file "interrupt.c"
 Parameters:    Size  Location     Type
		None
 Auto vars:     Size  Location     Type
		None
 Return value:  Size  Location     Type
                  1    wreg      void 
 Registers used:
		wreg, fsr0l, fsr0h, status,2, status,0, pclath, cstack
 Tracked objects:
		On entry : 
		On exit  : 
		Unchanged: 
 Data sizes:     COMMON   BANK0   BANK1   BANK3   BANK2
      Params:         0       0       0       0       0
      Locals:         0       0       0       0       0
      Temps:          0       5       0       0       0
      Totals:         0       5       0       0       0
Total ram usage:        5 bytes
 Hardware stack levels used:    1
 Hardware stack levels required when called:    3
 This function calls:
		_Timer_callback
 This function is called by:
		Interrupt level 1
 This function uses a non-reentrant model


 *************** function _Timer_callback *****************
 Defined at:
		line 114 in file "timer.c"
 Parameters:    Size  Location     Type
		None
 Auto vars:     Size  Location     Type
		None
 Return value:  Size  Location     Type
                  1    wreg      void 
 Registers used:
		wreg, fsr0l, fsr0h, status,2, status,0, pclath, cstack
 Tracked objects:
		On entry : 
		On exit  : 
		Unchanged: 
 Data sizes:     COMMON   BANK0   BANK1   BANK3   BANK2
      Params:         0       0       0       0       0
      Locals:         0       0       0       0       0
      Temps:          0       0       0       0       0
      Totals:         0       0       0       0       0
Total ram usage:        0 bytes
 Hardware stack levels used:    1
 Hardware stack levels required when called:    2
 This function calls:
		_Scheduler_ActivateTask
 This function is called by:
		_ISR
 This function uses a non-reentrant model


 *************** function _Scheduler_ActivateTask *****************
 Defined at:
		line 36 in file "Schedular/Scheduler.c"
 Parameters:    Size  Location     Type
  SystemTick      4   14[BANK0 ] unsigned long 
 Auto vars:     Size  Location     Type
  IntityIndex     1   23[BANK0 ] unsigned char 
  SystemTick_L    4   19[BANK0 ] unsigned long 
 Return value:  Size  Location     Type
                  1    wreg      void 
 Registers used:
		wreg, fsr0l, fsr0h, status,2, status,0, pclath, cstack
 Tracked objects:
		On entry : 
		On exit  : 
		Unchanged: 
 Data sizes:     COMMON   BANK0   BANK1   BANK3   BANK2
      Params:         0       4       0       0       0
      Locals:         0       5       0       0       0
      Temps:          0       1       0       0       0
      Totals:         0      10       0       0       0
Total ram usage:       10 bytes
 Hardware stack levels used:    1
 Hardware stack levels required when called:    1
 This function calls:
		___bmul
		___lldiv
		___llmod
 This function is called by:
		_Timer_callback
 This function uses a non-reentrant model


 *************** function ___llmod *****************
 Defined at:
		line 5 in file "C:\Program Files (x86)\Microchip\xc8\v2.10\pic\sources\c90\common\llmod.c"
 Parameters:    Size  Location     Type
  divisor         4    5[BANK0 ] unsigned long 
  dividend        4    9[BANK0 ] unsigned long 
 Auto vars:     Size  Location     Type
  counter         1   13[BANK0 ] unsigned char 
 Return value:  Size  Location     Type
                  4    5[BANK0 ] unsigned long 
 Registers used:
		wreg, status,2, status,0
 Tracked objects:
		On entry : 
		On exit  : 
		Unchanged: 
 Data sizes:     COMMON   BANK0   BANK1   BANK3   BANK2
      Params:         0       8       0       0       0
      Locals:         0       1       0       0       0
      Temps:          1       0       0       0       0
      Totals:         1       9       0       0       0
Total ram usage:       10 bytes
 Hardware stack levels used:    1
 This function calls:
		Nothing
 This function is called by:
		_Scheduler_ActivateTask
 This function uses a non-reentrant model


 *************** function ___lldiv *****************
 Defined at:
		line 5 in file "C:\Program Files (x86)\Microchip\xc8\v2.10\pic\sources\c90\common\__lldiv.c"
 Parameters:    Size  Location     Type
  divisor         4    4[COMMON] unsigned long 
  dividend        4    8[COMMON] unsigned long 
 Auto vars:     Size  Location     Type
  quotient        4    0[BANK0 ] unsigned long 
  counter         1    4[BANK0 ] unsigned char 
 Return value:  Size  Location     Type
                  4    4[COMMON] unsigned long 
 Registers used:
		wreg, status,2, status,0
 Tracked objects:
		On entry : 
		On exit  : 
		Unchanged: 
 Data sizes:     COMMON   BANK0   BANK1   BANK3   BANK2
      Params:         8       0       0       0       0
      Locals:         0       5       0       0       0
      Temps:          1       0       0       0       0
      Totals:         9       5       0       0       0
Total ram usage:       14 bytes
 Hardware stack levels used:    1
 This function calls:
		Nothing
 This function is called by:
		_Scheduler_ActivateTask
 This function uses a non-reentrant model


 *************** function ___bmul *****************
 Defined at:
		line 4 in file "C:\Program Files (x86)\Microchip\xc8\v2.10\pic\sources\c90\common\Umul8.c"
 Parameters:    Size  Location     Type
  multiplier      1    wreg     unsigned char 
  multiplicand    1    0[COMMON] unsigned char 
 Auto vars:     Size  Location     Type
  multiplier      1    3[COMMON] unsigned char 
  product         1    2[COMMON] unsigned char 
 Return value:  Size  Location     Type
                  1    wreg      unsigned char 
 Registers used:
		wreg, status,2, status,0
 Tracked objects:
		On entry : 
		On exit  : 
		Unchanged: 
 Data sizes:     COMMON   BANK0   BANK1   BANK3   BANK2
      Params:         1       0       0       0       0
      Locals:         2       0       0       0       0
      Temps:          1       0       0       0       0
      Totals:         4       0       0       0       0
Total ram usage:        4 bytes
 Hardware stack levels used:    1
 This function calls:
		Nothing
 This function is called by:
		_Scheduler_ActivateTask
		_Scheduler_Start
 This function uses a non-reentrant model



MODULE INFORMATION

Module		Function		Class		Link	Load	Size
C:\Program Files (x86)\Microchip\xc8\v2.10\pic\sources\c90\common\Umul8.c
		___bmul        		CODE           	0267	0000	22

C:\Program Files (x86)\Microchip\xc8\v2.10\pic\sources\c90\common\Umul8.c estimated size: 22

timer.c
		_Timer_callback		CODE           	0218	0000	31

timer.c estimated size: 31

Schedular/Scheduler.c
		_Scheduler_ActivateTask		CODE           	00C0	0000	111

Schedular/Scheduler.c estimated size: 111

I2c.c
		_TWI_write     		CODE           	027C	0000	21
		_TWI_stop      		CODE           	0290	0000	15
		_TWI_init      		CODE           	0025	0000	156
		_TWI_start     		CODE           	029E	0000	15

I2c.c estimated size: 207

C:\Program Files (x86)\Microchip\xc8\v2.10\pic\sources\c90\common\__lldiv.c
		___lldiv       		CODE           	012E	0000	105

C:\Program Files (x86)\Microchip\xc8\v2.10\pic\sources\c90\common\__lldiv.c estimated size: 105

interrupt.c
		_ISR           		CODE           	0236	0000	29

interrupt.c estimated size: 29

shared
		__stringtab    		STRING         	0252	0000	7
		_Scheduler_Intitys		STRING         	0258	0000	16
		__initialization		CODE           	0015	0000	13

shared estimated size: 36

C:\Program Files (x86)\Microchip\xc8\v2.10\pic\sources\c90\common\llmod.c
		___llmod       		CODE           	0196	0000	87

C:\Program Files (x86)\Microchip\xc8\v2.10\pic\sources\c90\common\llmod.c estimated size: 87

main.c
		_main          		CODE           	01EC	0000	45

main.c estimated size: 45

